// Jest Snapshot v1, https://goo.gl/fbAQLP

exports[`FilterButton tests Should match the snapshot 1`] = `
ShallowWrapper {
  "length": 1,
  Symbol(enzyme.__root__): [Circular],
  Symbol(enzyme.__unrendered__): <FilterButtons
    filter="default"
    switchFilter={[Function]}
/>,
  Symbol(enzyme.__renderer__): Object {
    "batchedUpdates": [Function],
    "getNode": [Function],
    "render": [Function],
    "simulateEvent": [Function],
    "unmount": [Function],
  },
  Symbol(enzyme.__node__): Object {
    "instance": null,
    "key": undefined,
    "nodeType": "host",
    "props": Object {
      "children": Array [
        <span
          className="filter-button active"
          onClick={[Function]}
>
          A - Z
</span>,
        <span
          className="filter-button"
          onClick={[Function]}
>
          Status
</span>,
        <span
          className="filter-button"
          onClick={[Function]}
>
          Habitat
</span>,
      ],
      "className": "FilterButtons",
    },
    "ref": null,
    "rendered": Array [
      Object {
        "instance": null,
        "key": "0",
        "nodeType": "host",
        "props": Object {
          "children": "A - Z",
          "className": "filter-button active",
          "onClick": [Function],
        },
        "ref": null,
        "rendered": "A - Z",
        "type": "span",
      },
      Object {
        "instance": null,
        "key": "1",
        "nodeType": "host",
        "props": Object {
          "children": "Status",
          "className": "filter-button",
          "onClick": [Function],
        },
        "ref": null,
        "rendered": "Status",
        "type": "span",
      },
      Object {
        "instance": null,
        "key": "2",
        "nodeType": "host",
        "props": Object {
          "children": "Habitat",
          "className": "filter-button",
          "onClick": [Function],
        },
        "ref": null,
        "rendered": "Habitat",
        "type": "span",
      },
    ],
    "type": "div",
  },
  Symbol(enzyme.__nodes__): Array [
    Object {
      "instance": null,
      "key": undefined,
      "nodeType": "host",
      "props": Object {
        "children": Array [
          <span
            className="filter-button active"
            onClick={[Function]}
>
            A - Z
</span>,
          <span
            className="filter-button"
            onClick={[Function]}
>
            Status
</span>,
          <span
            className="filter-button"
            onClick={[Function]}
>
            Habitat
</span>,
        ],
        "className": "FilterButtons",
      },
      "ref": null,
      "rendered": Array [
        Object {
          "instance": null,
          "key": "0",
          "nodeType": "host",
          "props": Object {
            "children": "A - Z",
            "className": "filter-button active",
            "onClick": [Function],
          },
          "ref": null,
          "rendered": "A - Z",
          "type": "span",
        },
        Object {
          "instance": null,
          "key": "1",
          "nodeType": "host",
          "props": Object {
            "children": "Status",
            "className": "filter-button",
            "onClick": [Function],
          },
          "ref": null,
          "rendered": "Status",
          "type": "span",
        },
        Object {
          "instance": null,
          "key": "2",
          "nodeType": "host",
          "props": Object {
            "children": "Habitat",
            "className": "filter-button",
            "onClick": [Function],
          },
          "ref": null,
          "rendered": "Habitat",
          "type": "span",
        },
      ],
      "type": "div",
    },
  ],
  Symbol(enzyme.__options__): Object {
    "adapter": ReactSixteenAdapter {
      "options": Object {
        "enableComponentDidUpdateOnSetState": true,
      },
    },
  },
}
`;
