// Jest Snapshot v1, https://goo.gl/fbAQLP

exports[`Search tests Should match the snapshot 1`] = `
ShallowWrapper {
  "length": 1,
  Symbol(enzyme.__root__): [Circular],
  Symbol(enzyme.__unrendered__): <Unknown
    animals={
        Array [
            Object {
              "display": true,
              "facts": "The Arctic fox is primarily a carnivore that lives inland, away from the coasts. They are dependent on the presence of smaller animals (most often lemmings) to survive.  Arctic foxes also hunt for sea birds, fish, and other marine life. Smaller rodent populations waver between times of abundance and scarcity, which leaves the Arctic fox vulnerable when these creatures are low in numbers.",
              "habitat": "Antarctica / Arctic",
              "height": "11 inches",
              "human_benefit": "The protection of the Arctic fox ensures the safety of a variety of other wildlife in the Arctic region.",
              "image": "arctic fox",
              "length": "18 to 27 inches",
              "name": "Arctic Fox",
              "population": "Several Hundred Thousand",
              "scientific_name": "Vulpes lagopus",
              "status": "Least Concern",
              "weight": "3 to 20 pounds",
            },
            Object {
              "display": true,
              "facts": "Often called the \\"polar wolf\\" or \\"white wolf,\\" Arctic wolves inhabit the Arctic regions of North America and Greenland. Thanks to its isolation, the Arctic wolf is not threatened by hunting and habitat destruction in the same way as its southern relatives.",
              "habitat": "Antarctica / Arctic",
              "height": "",
              "human_benefit": "Arctic wolves are carnivorous hunters. By nature they help to control the populations of other animals in the region like the musk ox, caribou and Arctic hares.",
              "image": "arctic wolf",
              "length": "3.2 to 5.9 feet",
              "name": "Arctic Wolf",
              "population": "",
              "scientific_name": "Vulpes lagopus",
              "status": "Least Concern",
              "weight": "70 to 175 pounds",
            },
          ]
    }
    searchAnimals={[Function]}
/>,
  Symbol(enzyme.__renderer__): Object {
    "batchedUpdates": [Function],
    "getNode": [Function],
    "render": [Function],
    "simulateEvent": [Function],
    "unmount": [Function],
  },
  Symbol(enzyme.__node__): Object {
    "instance": null,
    "key": undefined,
    "nodeType": "host",
    "props": Object {
      "children": <input
        className="search-field"
        onChange={[Function]}
        placeholder="Search"
        type="text"
/>,
      "className": "Search",
    },
    "ref": null,
    "rendered": Object {
      "instance": null,
      "key": undefined,
      "nodeType": "host",
      "props": Object {
        "className": "search-field",
        "onChange": [Function],
        "placeholder": "Search",
        "type": "text",
      },
      "ref": null,
      "rendered": null,
      "type": "input",
    },
    "type": "div",
  },
  Symbol(enzyme.__nodes__): Array [
    Object {
      "instance": null,
      "key": undefined,
      "nodeType": "host",
      "props": Object {
        "children": <input
          className="search-field"
          onChange={[Function]}
          placeholder="Search"
          type="text"
/>,
        "className": "Search",
      },
      "ref": null,
      "rendered": Object {
        "instance": null,
        "key": undefined,
        "nodeType": "host",
        "props": Object {
          "className": "search-field",
          "onChange": [Function],
          "placeholder": "Search",
          "type": "text",
        },
        "ref": null,
        "rendered": null,
        "type": "input",
      },
      "type": "div",
    },
  ],
  Symbol(enzyme.__options__): Object {
    "adapter": ReactSixteenAdapter {
      "options": Object {
        "enableComponentDidUpdateOnSetState": true,
      },
    },
  },
}
`;
